// Jest Snapshot v1, https://goo.gl/fbAQLP

exports[`ButtonReply component test suite Snapshot render, not outboxEmpty, should NOT render button 1`] = `""`;

exports[`ButtonReply component test suite Snapshot render, outboxEmpty, should render button 1`] = `
<TopBarButton
  onClick={[MockFunction]}
>
  reply_all
</TopBarButton>
`;
