// Jest Snapshot v1, https://goo.gl/fbAQLP

exports[`ButtonCollapse component test suite Snapshot render, collapsed, should render button 1`] = `
<TopBarButton
  onClick={[MockFunction]}
>
  menu 
</TopBarButton>
`;

exports[`ButtonCollapse component test suite Snapshot render, not collapsed, should NOT render button 1`] = `""`;
