// Jest Snapshot v1, https://goo.gl/fbAQLP

exports[`FolderContainer component test suite Snapshot render, should render FolderContainer 1`] = `
<nav
  className="mdc-list"
>
  <Spinner
    canvasClassName="spinnerCanvas"
    className=""
    pathClassName=""
    visible={false}
  />
  <Connect(FolderListClass)
    folderTree={
      Array [
        Object {
          "folderTree": Array [],
          "folders": Object {},
        },
      ]
    }
    folders={Object {}}
  />
  <IconButton
    className="mdc-icon-button addButton"
    disabled={false}
    onClick={[Function]}
  >
    add_circle
  </IconButton>
  <Connect(Translate(FolderCreateDialog)) />
  <Connect(Translate(FolderRenameDialog)) />
</nav>
`;
